// Jest Snapshot v1, https://goo.gl/fbAQLP

exports[`Charts are set up correctly 1`] = `
<div
  chartData={
    Object {
      "datasets": Array [
        Object {
          "backgroundColor": "rgba(11, 113, 126, 0.7)",
          "data": Array [
            10,
            20,
            5,
            8,
            10,
          ],
          "label": "My Contributions",
          "type": "bar",
        },
        Object {
          "backgroundColor": Array [
            "rgba(255,99,132,0.6)",
            "rgba(54,162,235,0.6)",
            "rgba(255,206,86,0.6)",
            "rgba(75,192,192,0.6)",
            "rgba(153,102,255,0.6)",
          ],
          "data": Array [
            30,
            40,
            50,
            60,
            20,
          ],
          "label": "Total Contributions",
          "type": "bar",
        },
      ],
      "labels": Array [
        "Monday",
        "Tuesday",
        "Wednesday",
        "Thursday",
        "Friday",
      ],
    }
  }
  className="chart"
  id="chart"
/>
`;
