// Jest Snapshot v1, https://goo.gl/fbAQLP

exports[`Timeline is set up correctly 1`] = `
<div>
  <div
    class="container"
  >
    <div
      class="timeline"
      id="timeline"
    />
  </div>
</div>
`;
